Analysis & Synthesis report for Top_Module
Sat Mar 29 10:05:29 2025
Quartus II 64-Bit Version 13.1.0 Build 162 10/23/2013 SJ Web Edition


---------------------
; Table of Contents ;
---------------------
  1. Legal Notice
  2. Analysis & Synthesis Summary
  3. Analysis & Synthesis Settings
  4. Parallel Compilation
  5. Analysis & Synthesis Source Files Read
  6. Analysis & Synthesis Resource Usage Summary
  7. Analysis & Synthesis Resource Utilization by Entity
  8. State Machine - |Top_Module|LCD_Controller:lcd_ctrl|state
  9. State Machine - |Top_Module|DHT11_Controller:dht11_ctrl|next_state
 10. State Machine - |Top_Module|DHT11_Controller:dht11_ctrl|cur_state
 11. Registers Removed During Synthesis
 12. General Register Statistics
 13. Inverted Register Statistics
 14. Multiplexer Restructuring Statistics (Restructuring Performed)
 15. Parameter Settings for User Entity Instance: DHT11_Controller:dht11_ctrl
 16. Parameter Settings for Inferred Entity Instance: LCD_Controller:lcd_ctrl|lpm_divide:Div3
 17. Parameter Settings for Inferred Entity Instance: LCD_Controller:lcd_ctrl|lpm_divide:Div2
 18. Parameter Settings for Inferred Entity Instance: LCD_Controller:lcd_ctrl|lpm_divide:Div0
 19. Parameter Settings for Inferred Entity Instance: LCD_Controller:lcd_ctrl|lpm_divide:Div1
 20. Parameter Settings for Inferred Entity Instance: LCD_Controller:lcd_ctrl|lpm_divide:Mod2
 21. Parameter Settings for Inferred Entity Instance: LCD_Controller:lcd_ctrl|lpm_divide:Mod0
 22. Parameter Settings for Inferred Entity Instance: LCD_Controller:lcd_ctrl|lpm_divide:Mod3
 23. Parameter Settings for Inferred Entity Instance: LCD_Controller:lcd_ctrl|lpm_divide:Mod1
 24. Port Connectivity Checks: "DHT11_Controller:dht11_ctrl"
 25. Elapsed Time Per Partition
 26. Analysis & Synthesis Messages
 27. Analysis & Synthesis Suppressed Messages



----------------
; Legal Notice ;
----------------
Copyright (C) 1991-2013 Altera Corporation
Your use of Altera Corporation's design tools, logic functions 
and other software and tools, and its AMPP partner logic 
functions, and any output files from any of the foregoing 
(including device programming or simulation files), and any 
associated documentation or information are expressly subject 
to the terms and conditions of the Altera Program License 
Subscription Agreement, Altera MegaCore Function License 
Agreement, or other applicable license agreement, including, 
without limitation, that your use is for the sole purpose of 
programming logic devices manufactured by Altera and sold by 
Altera or its authorized distributors.  Please refer to the 
applicable agreement for further details.



+---------------------------------------------------------------------------------+
; Analysis & Synthesis Summary                                                    ;
+------------------------------------+--------------------------------------------+
; Analysis & Synthesis Status        ; Successful - Sat Mar 29 10:05:29 2025      ;
; Quartus II 64-Bit Version          ; 13.1.0 Build 162 10/23/2013 SJ Web Edition ;
; Revision Name                      ; Top_Module                                 ;
; Top-level Entity Name              ; Top_Module                                 ;
; Family                             ; Cyclone IV E                               ;
; Total logic elements               ; 809                                        ;
;     Total combinational functions  ; 785                                        ;
;     Dedicated logic registers      ; 215                                        ;
; Total registers                    ; 215                                        ;
; Total pins                         ; 27                                         ;
; Total virtual pins                 ; 0                                          ;
; Total memory bits                  ; 0                                          ;
; Embedded Multiplier 9-bit elements ; 0                                          ;
; Total PLLs                         ; 0                                          ;
+------------------------------------+--------------------------------------------+


+----------------------------------------------------------------------------------------------------------------------+
; Analysis & Synthesis Settings                                                                                        ;
+----------------------------------------------------------------------------+--------------------+--------------------+
; Option                                                                     ; Setting            ; Default Value      ;
+----------------------------------------------------------------------------+--------------------+--------------------+
; Device                                                                     ; EP4CE22F17C6       ;                    ;
; Top-level entity name                                                      ; Top_Module         ; Top_Module         ;
; Family name                                                                ; Cyclone IV E       ; Cyclone IV GX      ;
; Use smart compilation                                                      ; Off                ; Off                ;
; Enable parallel Assembler and TimeQuest Timing Analyzer during compilation ; On                 ; On                 ;
; Enable compact report table                                                ; Off                ; Off                ;
; Restructure Multiplexers                                                   ; Auto               ; Auto               ;
; Create Debugging Nodes for IP Cores                                        ; Off                ; Off                ;
; Preserve fewer node names                                                  ; On                 ; On                 ;
; Disable OpenCore Plus hardware evaluation                                  ; Off                ; Off                ;
; Verilog Version                                                            ; Verilog_2001       ; Verilog_2001       ;
; VHDL Version                                                               ; VHDL_1993          ; VHDL_1993          ;
; State Machine Processing                                                   ; Auto               ; Auto               ;
; Safe State Machine                                                         ; Off                ; Off                ;
; Extract Verilog State Machines                                             ; On                 ; On                 ;
; Extract VHDL State Machines                                                ; On                 ; On                 ;
; Ignore Verilog initial constructs                                          ; Off                ; Off                ;
; Iteration limit for constant Verilog loops                                 ; 5000               ; 5000               ;
; Iteration limit for non-constant Verilog loops                             ; 250                ; 250                ;
; Add Pass-Through Logic to Inferred RAMs                                    ; On                 ; On                 ;
; Infer RAMs from Raw Logic                                                  ; On                 ; On                 ;
; Parallel Synthesis                                                         ; On                 ; On                 ;
; DSP Block Balancing                                                        ; Auto               ; Auto               ;
; NOT Gate Push-Back                                                         ; On                 ; On                 ;
; Power-Up Don't Care                                                        ; On                 ; On                 ;
; Remove Redundant Logic Cells                                               ; Off                ; Off                ;
; Remove Duplicate Registers                                                 ; On                 ; On                 ;
; Ignore CARRY Buffers                                                       ; Off                ; Off                ;
; Ignore CASCADE Buffers                                                     ; Off                ; Off                ;
; Ignore GLOBAL Buffers                                                      ; Off                ; Off                ;
; Ignore ROW GLOBAL Buffers                                                  ; Off                ; Off                ;
; Ignore LCELL Buffers                                                       ; Off                ; Off                ;
; Ignore SOFT Buffers                                                        ; On                 ; On                 ;
; Limit AHDL Integers to 32 Bits                                             ; Off                ; Off                ;
; Optimization Technique                                                     ; Balanced           ; Balanced           ;
; Carry Chain Length                                                         ; 70                 ; 70                 ;
; Auto Carry Chains                                                          ; On                 ; On                 ;
; Auto Open-Drain Pins                                                       ; On                 ; On                 ;
; Perform WYSIWYG Primitive Resynthesis                                      ; Off                ; Off                ;
; Auto ROM Replacement                                                       ; On                 ; On                 ;
; Auto RAM Replacement                                                       ; On                 ; On                 ;
; Auto DSP Block Replacement                                                 ; On                 ; On                 ;
; Auto Shift Register Replacement                                            ; Auto               ; Auto               ;
; Allow Shift Register Merging across Hierarchies                            ; Auto               ; Auto               ;
; Auto Clock Enable Replacement                                              ; On                 ; On                 ;
; Strict RAM Replacement                                                     ; Off                ; Off                ;
; Allow Synchronous Control Signals                                          ; On                 ; On                 ;
; Force Use of Synchronous Clear Signals                                     ; Off                ; Off                ;
; Auto RAM Block Balancing                                                   ; On                 ; On                 ;
; Auto RAM to Logic Cell Conversion                                          ; Off                ; Off                ;
; Auto Resource Sharing                                                      ; Off                ; Off                ;
; Allow Any RAM Size For Recognition                                         ; Off                ; Off                ;
; Allow Any ROM Size For Recognition                                         ; Off                ; Off                ;
; Allow Any Shift Register Size For Recognition                              ; Off                ; Off                ;
; Use LogicLock Constraints during Resource Balancing                        ; On                 ; On                 ;
; Ignore translate_off and synthesis_off directives                          ; Off                ; Off                ;
; Timing-Driven Synthesis                                                    ; On                 ; On                 ;
; Report Parameter Settings                                                  ; On                 ; On                 ;
; Report Source Assignments                                                  ; On                 ; On                 ;
; Report Connectivity Checks                                                 ; On                 ; On                 ;
; Ignore Maximum Fan-Out Assignments                                         ; Off                ; Off                ;
; Synchronization Register Chain Length                                      ; 2                  ; 2                  ;
; PowerPlay Power Optimization                                               ; Normal compilation ; Normal compilation ;
; HDL message level                                                          ; Level2             ; Level2             ;
; Suppress Register Optimization Related Messages                            ; Off                ; Off                ;
; Number of Removed Registers Reported in Synthesis Report                   ; 5000               ; 5000               ;
; Number of Swept Nodes Reported in Synthesis Report                         ; 5000               ; 5000               ;
; Number of Inverted Registers Reported in Synthesis Report                  ; 100                ; 100                ;
; Clock MUX Protection                                                       ; On                 ; On                 ;
; Auto Gated Clock Conversion                                                ; Off                ; Off                ;
; Block Design Naming                                                        ; Auto               ; Auto               ;
; SDC constraint protection                                                  ; Off                ; Off                ;
; Synthesis Effort                                                           ; Auto               ; Auto               ;
; Shift Register Replacement - Allow Asynchronous Clear Signal               ; On                 ; On                 ;
; Pre-Mapping Resynthesis Optimization                                       ; Off                ; Off                ;
; Analysis & Synthesis Message Level                                         ; Medium             ; Medium             ;
; Disable Register Merging Across Hierarchies                                ; Auto               ; Auto               ;
; Resource Aware Inference For Block RAM                                     ; On                 ; On                 ;
; Synthesis Seed                                                             ; 1                  ; 1                  ;
+----------------------------------------------------------------------------+--------------------+--------------------+


+------------------------------------------+
; Parallel Compilation                     ;
+----------------------------+-------------+
; Processors                 ; Number      ;
+----------------------------+-------------+
; Number detected on machine ; 12          ;
; Maximum allowed            ; 6           ;
;                            ;             ;
; Average used               ; 1.00        ;
; Maximum used               ; 1           ;
;                            ;             ;
; Usage by Processor         ; % Time Used ;
;     Processor 1            ; 100.0%      ;
;     Processors 2-12        ;   0.0%      ;
+----------------------------+-------------+


+------------------------------------------------------------------------------------------------------------------------------------------------------------------+
; Analysis & Synthesis Source Files Read                                                                                                                           ;
+----------------------------------+-----------------+------------------------------+--------------------------------------------------------------------+---------+
; File Name with User-Entered Path ; Used in Netlist ; File Type                    ; File Name with Absolute Path                                       ; Library ;
+----------------------------------+-----------------+------------------------------+--------------------------------------------------------------------+---------+
; Top_Module.v                     ; yes             ; User Verilog HDL File        ; C:/altera/New12/New/Top_Module.v                                   ;         ;
; DHT11_Controller.v               ; yes             ; User Verilog HDL File        ; C:/altera/New12/New/DHT11_Controller.v                             ;         ;
; LCD_Controller.v                 ; yes             ; User Verilog HDL File        ; C:/altera/New12/New/LCD_Controller.v                               ;         ;
; Clock_1MHz.v                     ; yes             ; User Verilog HDL File        ; C:/altera/New12/New/Clock_1MHz.v                                   ;         ;
; lpm_divide.tdf                   ; yes             ; Megafunction                 ; c:/altera/13.1/quartus/libraries/megafunctions/lpm_divide.tdf      ;         ;
; abs_divider.inc                  ; yes             ; Megafunction                 ; c:/altera/13.1/quartus/libraries/megafunctions/abs_divider.inc     ;         ;
; sign_div_unsign.inc              ; yes             ; Megafunction                 ; c:/altera/13.1/quartus/libraries/megafunctions/sign_div_unsign.inc ;         ;
; aglobal131.inc                   ; yes             ; Megafunction                 ; c:/altera/13.1/quartus/libraries/megafunctions/aglobal131.inc      ;         ;
; db/lpm_divide_jhm.tdf            ; yes             ; Auto-Generated Megafunction  ; C:/altera/New12/New/db/lpm_divide_jhm.tdf                          ;         ;
; db/sign_div_unsign_bkh.tdf       ; yes             ; Auto-Generated Megafunction  ; C:/altera/New12/New/db/sign_div_unsign_bkh.tdf                     ;         ;
; db/alt_u_div_a4f.tdf             ; yes             ; Auto-Generated Megafunction  ; C:/altera/New12/New/db/alt_u_div_a4f.tdf                           ;         ;
; db/add_sub_7pc.tdf               ; yes             ; Auto-Generated Megafunction  ; C:/altera/New12/New/db/add_sub_7pc.tdf                             ;         ;
; db/add_sub_8pc.tdf               ; yes             ; Auto-Generated Megafunction  ; C:/altera/New12/New/db/add_sub_8pc.tdf                             ;         ;
; db/lpm_divide_m9m.tdf            ; yes             ; Auto-Generated Megafunction  ; C:/altera/New12/New/db/lpm_divide_m9m.tdf                          ;         ;
+----------------------------------+-----------------+------------------------------+--------------------------------------------------------------------+---------+


+-----------------------------------------------------------+
; Analysis & Synthesis Resource Usage Summary               ;
+---------------------------------------------+-------------+
; Resource                                    ; Usage       ;
+---------------------------------------------+-------------+
; Estimated Total logic elements              ; 809         ;
;                                             ;             ;
; Total combinational functions               ; 785         ;
; Logic element usage by number of LUT inputs ;             ;
;     -- 4 input functions                    ; 157         ;
;     -- 3 input functions                    ; 192         ;
;     -- <=2 input functions                  ; 436         ;
;                                             ;             ;
; Logic elements by mode                      ;             ;
;     -- normal mode                          ; 559         ;
;     -- arithmetic mode                      ; 226         ;
;                                             ;             ;
; Total registers                             ; 215         ;
;     -- Dedicated logic registers            ; 215         ;
;     -- I/O registers                        ; 0           ;
;                                             ;             ;
; I/O pins                                    ; 27          ;
; Embedded Multiplier 9-bit elements          ; 0           ;
; Maximum fan-out node                        ; rst_n~input ;
; Maximum fan-out                             ; 124         ;
; Total fan-out                               ; 2738        ;
; Average fan-out                             ; 2.60        ;
+---------------------------------------------+-------------+


+------------------------------------------------------------------------------------------------------------------------------------------------------------------------------------------------------------------------------------------------------------------------------------------------------------+
; Analysis & Synthesis Resource Utilization by Entity                                                                                                                                                                                                                                                        ;
+-------------------------------------------+-------------------+--------------+-------------+--------------+---------+-----------+------+--------------+-------------------------------------------------------------------------------------------------------------------------------------+--------------+
; Compilation Hierarchy Node                ; LC Combinationals ; LC Registers ; Memory Bits ; DSP Elements ; DSP 9x9 ; DSP 18x18 ; Pins ; Virtual Pins ; Full Hierarchy Name                                                                                                                 ; Library Name ;
+-------------------------------------------+-------------------+--------------+-------------+--------------+---------+-----------+------+--------------+-------------------------------------------------------------------------------------------------------------------------------------+--------------+
; |Top_Module                               ; 785 (0)           ; 215 (0)      ; 0           ; 0            ; 0       ; 0         ; 27   ; 0            ; |Top_Module                                                                                                                         ; work         ;
;    |Clock_1MHz:CLK1MHZ|                   ; 7 (7)             ; 6 (6)        ; 0           ; 0            ; 0       ; 0         ; 0    ; 0            ; |Top_Module|Clock_1MHz:CLK1MHZ                                                                                                      ; work         ;
;    |DHT11_Controller:dht11_ctrl|          ; 186 (186)         ; 118 (118)    ; 0           ; 0            ; 0       ; 0         ; 0    ; 0            ; |Top_Module|DHT11_Controller:dht11_ctrl                                                                                             ; work         ;
;    |LCD_Controller:lcd_ctrl|              ; 592 (152)         ; 91 (91)      ; 0           ; 0            ; 0       ; 0         ; 0    ; 0            ; |Top_Module|LCD_Controller:lcd_ctrl                                                                                                 ; work         ;
;       |lpm_divide:Div0|                   ; 51 (0)            ; 0 (0)        ; 0           ; 0            ; 0       ; 0         ; 0    ; 0            ; |Top_Module|LCD_Controller:lcd_ctrl|lpm_divide:Div0                                                                                 ; work         ;
;          |lpm_divide_jhm:auto_generated|  ; 51 (0)            ; 0 (0)        ; 0           ; 0            ; 0       ; 0         ; 0    ; 0            ; |Top_Module|LCD_Controller:lcd_ctrl|lpm_divide:Div0|lpm_divide_jhm:auto_generated                                                   ; work         ;
;             |sign_div_unsign_bkh:divider| ; 51 (0)            ; 0 (0)        ; 0           ; 0            ; 0       ; 0         ; 0    ; 0            ; |Top_Module|LCD_Controller:lcd_ctrl|lpm_divide:Div0|lpm_divide_jhm:auto_generated|sign_div_unsign_bkh:divider                       ; work         ;
;                |alt_u_div_a4f:divider|    ; 51 (51)           ; 0 (0)        ; 0           ; 0            ; 0       ; 0         ; 0    ; 0            ; |Top_Module|LCD_Controller:lcd_ctrl|lpm_divide:Div0|lpm_divide_jhm:auto_generated|sign_div_unsign_bkh:divider|alt_u_div_a4f:divider ; work         ;
;       |lpm_divide:Div1|                   ; 51 (0)            ; 0 (0)        ; 0           ; 0            ; 0       ; 0         ; 0    ; 0            ; |Top_Module|LCD_Controller:lcd_ctrl|lpm_divide:Div1                                                                                 ; work         ;
;          |lpm_divide_jhm:auto_generated|  ; 51 (0)            ; 0 (0)        ; 0           ; 0            ; 0       ; 0         ; 0    ; 0            ; |Top_Module|LCD_Controller:lcd_ctrl|lpm_divide:Div1|lpm_divide_jhm:auto_generated                                                   ; work         ;
;             |sign_div_unsign_bkh:divider| ; 51 (0)            ; 0 (0)        ; 0           ; 0            ; 0       ; 0         ; 0    ; 0            ; |Top_Module|LCD_Controller:lcd_ctrl|lpm_divide:Div1|lpm_divide_jhm:auto_generated|sign_div_unsign_bkh:divider                       ; work         ;
;                |alt_u_div_a4f:divider|    ; 51 (51)           ; 0 (0)        ; 0           ; 0            ; 0       ; 0         ; 0    ; 0            ; |Top_Module|LCD_Controller:lcd_ctrl|lpm_divide:Div1|lpm_divide_jhm:auto_generated|sign_div_unsign_bkh:divider|alt_u_div_a4f:divider ; work         ;
;       |lpm_divide:Div2|                   ; 51 (0)            ; 0 (0)        ; 0           ; 0            ; 0       ; 0         ; 0    ; 0            ; |Top_Module|LCD_Controller:lcd_ctrl|lpm_divide:Div2                                                                                 ; work         ;
;          |lpm_divide_jhm:auto_generated|  ; 51 (0)            ; 0 (0)        ; 0           ; 0            ; 0       ; 0         ; 0    ; 0            ; |Top_Module|LCD_Controller:lcd_ctrl|lpm_divide:Div2|lpm_divide_jhm:auto_generated                                                   ; work         ;
;             |sign_div_unsign_bkh:divider| ; 51 (0)            ; 0 (0)        ; 0           ; 0            ; 0       ; 0         ; 0    ; 0            ; |Top_Module|LCD_Controller:lcd_ctrl|lpm_divide:Div2|lpm_divide_jhm:auto_generated|sign_div_unsign_bkh:divider                       ; work         ;
;                |alt_u_div_a4f:divider|    ; 51 (51)           ; 0 (0)        ; 0           ; 0            ; 0       ; 0         ; 0    ; 0            ; |Top_Module|LCD_Controller:lcd_ctrl|lpm_divide:Div2|lpm_divide_jhm:auto_generated|sign_div_unsign_bkh:divider|alt_u_div_a4f:divider ; work         ;
;       |lpm_divide:Div3|                   ; 51 (0)            ; 0 (0)        ; 0           ; 0            ; 0       ; 0         ; 0    ; 0            ; |Top_Module|LCD_Controller:lcd_ctrl|lpm_divide:Div3                                                                                 ; work         ;
;          |lpm_divide_jhm:auto_generated|  ; 51 (0)            ; 0 (0)        ; 0           ; 0            ; 0       ; 0         ; 0    ; 0            ; |Top_Module|LCD_Controller:lcd_ctrl|lpm_divide:Div3|lpm_divide_jhm:auto_generated                                                   ; work         ;
;             |sign_div_unsign_bkh:divider| ; 51 (0)            ; 0 (0)        ; 0           ; 0            ; 0       ; 0         ; 0    ; 0            ; |Top_Module|LCD_Controller:lcd_ctrl|lpm_divide:Div3|lpm_divide_jhm:auto_generated|sign_div_unsign_bkh:divider                       ; work         ;
;                |alt_u_div_a4f:divider|    ; 51 (51)           ; 0 (0)        ; 0           ; 0            ; 0       ; 0         ; 0    ; 0            ; |Top_Module|LCD_Controller:lcd_ctrl|lpm_divide:Div3|lpm_divide_jhm:auto_generated|sign_div_unsign_bkh:divider|alt_u_div_a4f:divider ; work         ;
;       |lpm_divide:Mod0|                   ; 59 (0)            ; 0 (0)        ; 0           ; 0            ; 0       ; 0         ; 0    ; 0            ; |Top_Module|LCD_Controller:lcd_ctrl|lpm_divide:Mod0                                                                                 ; work         ;
;          |lpm_divide_m9m:auto_generated|  ; 59 (0)            ; 0 (0)        ; 0           ; 0            ; 0       ; 0         ; 0    ; 0            ; |Top_Module|LCD_Controller:lcd_ctrl|lpm_divide:Mod0|lpm_divide_m9m:auto_generated                                                   ; work         ;
;             |sign_div_unsign_bkh:divider| ; 59 (0)            ; 0 (0)        ; 0           ; 0            ; 0       ; 0         ; 0    ; 0            ; |Top_Module|LCD_Controller:lcd_ctrl|lpm_divide:Mod0|lpm_divide_m9m:auto_generated|sign_div_unsign_bkh:divider                       ; work         ;
;                |alt_u_div_a4f:divider|    ; 59 (59)           ; 0 (0)        ; 0           ; 0            ; 0       ; 0         ; 0    ; 0            ; |Top_Module|LCD_Controller:lcd_ctrl|lpm_divide:Mod0|lpm_divide_m9m:auto_generated|sign_div_unsign_bkh:divider|alt_u_div_a4f:divider ; work         ;
;       |lpm_divide:Mod1|                   ; 59 (0)            ; 0 (0)        ; 0           ; 0            ; 0       ; 0         ; 0    ; 0            ; |Top_Module|LCD_Controller:lcd_ctrl|lpm_divide:Mod1                                                                                 ; work         ;
;          |lpm_divide_m9m:auto_generated|  ; 59 (0)            ; 0 (0)        ; 0           ; 0            ; 0       ; 0         ; 0    ; 0            ; |Top_Module|LCD_Controller:lcd_ctrl|lpm_divide:Mod1|lpm_divide_m9m:auto_generated                                                   ; work         ;
;             |sign_div_unsign_bkh:divider| ; 59 (0)            ; 0 (0)        ; 0           ; 0            ; 0       ; 0         ; 0    ; 0            ; |Top_Module|LCD_Controller:lcd_ctrl|lpm_divide:Mod1|lpm_divide_m9m:auto_generated|sign_div_unsign_bkh:divider                       ; work         ;
;                |alt_u_div_a4f:divider|    ; 59 (59)           ; 0 (0)        ; 0           ; 0            ; 0       ; 0         ; 0    ; 0            ; |Top_Module|LCD_Controller:lcd_ctrl|lpm_divide:Mod1|lpm_divide_m9m:auto_generated|sign_div_unsign_bkh:divider|alt_u_div_a4f:divider ; work         ;
;       |lpm_divide:Mod2|                   ; 59 (0)            ; 0 (0)        ; 0           ; 0            ; 0       ; 0         ; 0    ; 0            ; |Top_Module|LCD_Controller:lcd_ctrl|lpm_divide:Mod2                                                                                 ; work         ;
;          |lpm_divide_m9m:auto_generated|  ; 59 (0)            ; 0 (0)        ; 0           ; 0            ; 0       ; 0         ; 0    ; 0            ; |Top_Module|LCD_Controller:lcd_ctrl|lpm_divide:Mod2|lpm_divide_m9m:auto_generated                                                   ; work         ;
;             |sign_div_unsign_bkh:divider| ; 59 (0)            ; 0 (0)        ; 0           ; 0            ; 0       ; 0         ; 0    ; 0            ; |Top_Module|LCD_Controller:lcd_ctrl|lpm_divide:Mod2|lpm_divide_m9m:auto_generated|sign_div_unsign_bkh:divider                       ; work         ;
;                |alt_u_div_a4f:divider|    ; 59 (59)           ; 0 (0)        ; 0           ; 0            ; 0       ; 0         ; 0    ; 0            ; |Top_Module|LCD_Controller:lcd_ctrl|lpm_divide:Mod2|lpm_divide_m9m:auto_generated|sign_div_unsign_bkh:divider|alt_u_div_a4f:divider ; work         ;
;       |lpm_divide:Mod3|                   ; 59 (0)            ; 0 (0)        ; 0           ; 0            ; 0       ; 0         ; 0    ; 0            ; |Top_Module|LCD_Controller:lcd_ctrl|lpm_divide:Mod3                                                                                 ; work         ;
;          |lpm_divide_m9m:auto_generated|  ; 59 (0)            ; 0 (0)        ; 0           ; 0            ; 0       ; 0         ; 0    ; 0            ; |Top_Module|LCD_Controller:lcd_ctrl|lpm_divide:Mod3|lpm_divide_m9m:auto_generated                                                   ; work         ;
;             |sign_div_unsign_bkh:divider| ; 59 (0)            ; 0 (0)        ; 0           ; 0            ; 0       ; 0         ; 0    ; 0            ; |Top_Module|LCD_Controller:lcd_ctrl|lpm_divide:Mod3|lpm_divide_m9m:auto_generated|sign_div_unsign_bkh:divider                       ; work         ;
;                |alt_u_div_a4f:divider|    ; 59 (59)           ; 0 (0)        ; 0           ; 0            ; 0       ; 0         ; 0    ; 0            ; |Top_Module|LCD_Controller:lcd_ctrl|lpm_divide:Mod3|lpm_divide_m9m:auto_generated|sign_div_unsign_bkh:divider|alt_u_div_a4f:divider ; work         ;
+-------------------------------------------+-------------------+--------------+-------------+--------------+---------+-----------+------+--------------+-------------------------------------------------------------------------------------------------------------------------------------+--------------+
Note: For table entries with two numbers listed, the numbers in parentheses indicate the number of resources of the given type used by the specific entity alone. The numbers listed outside of parentheses indicate the total resources of the given type used by the specific entity and all of its sub-entities in the hierarchy.


Encoding Type:  One-Hot
+-----------------------------------------------------------------------------------------------------------------------------------------------------------------------------------+
; State Machine - |Top_Module|LCD_Controller:lcd_ctrl|state                                                                                                                         ;
+--------------+--------------+--------------+--------------+--------------+--------------+--------------+--------------+--------------+--------------+--------------+--------------+
; Name         ; state.001001 ; state.001000 ; state.000111 ; state.000110 ; state.000101 ; state.000100 ; state.000011 ; state.000010 ; state.000001 ; state.000000 ; state.011110 ;
+--------------+--------------+--------------+--------------+--------------+--------------+--------------+--------------+--------------+--------------+--------------+--------------+
; state.000000 ; 0            ; 0            ; 0            ; 0            ; 0            ; 0            ; 0            ; 0            ; 0            ; 0            ; 0            ;
; state.000001 ; 0            ; 0            ; 0            ; 0            ; 0            ; 0            ; 0            ; 0            ; 1            ; 1            ; 0            ;
; state.000010 ; 0            ; 0            ; 0            ; 0            ; 0            ; 0            ; 0            ; 1            ; 0            ; 1            ; 0            ;
; state.000011 ; 0            ; 0            ; 0            ; 0            ; 0            ; 0            ; 1            ; 0            ; 0            ; 1            ; 0            ;
; state.000100 ; 0            ; 0            ; 0            ; 0            ; 0            ; 1            ; 0            ; 0            ; 0            ; 1            ; 0            ;
; state.000101 ; 0            ; 0            ; 0            ; 0            ; 1            ; 0            ; 0            ; 0            ; 0            ; 1            ; 0            ;
; state.000110 ; 0            ; 0            ; 0            ; 1            ; 0            ; 0            ; 0            ; 0            ; 0            ; 1            ; 0            ;
; state.000111 ; 0            ; 0            ; 1            ; 0            ; 0            ; 0            ; 0            ; 0            ; 0            ; 1            ; 0            ;
; state.001000 ; 0            ; 1            ; 0            ; 0            ; 0            ; 0            ; 0            ; 0            ; 0            ; 1            ; 0            ;
; state.001001 ; 1            ; 0            ; 0            ; 0            ; 0            ; 0            ; 0            ; 0            ; 0            ; 1            ; 0            ;
; state.011110 ; 0            ; 0            ; 0            ; 0            ; 0            ; 0            ; 0            ; 0            ; 0            ; 1            ; 1            ;
+--------------+--------------+--------------+--------------+--------------+--------------+--------------+--------------+--------------+--------------+--------------+--------------+


Encoding Type:  One-Hot
+--------------------------------------------------------------------------------------------------------------------------------------------------------------------------------------------------------------------------+
; State Machine - |Top_Module|DHT11_Controller:dht11_ctrl|next_state                                                                                                                                                       ;
+------------------------------+-----------------------+----------------------+---------------------------+--------------------------+------------------------------+-----------------------------+------------------------+
; Name                         ; next_state.KEEP_DELAY ; next_state.READ_DATA ; next_state.READ_HIGH_87US ; next_state.READ_LOW_83US ; next_state.CONTROL_HIGH_13US ; next_state.CONTROL_LOW_20MS ; next_state.CONTROL_LOW ;
+------------------------------+-----------------------+----------------------+---------------------------+--------------------------+------------------------------+-----------------------------+------------------------+
; next_state.CONTROL_LOW       ; 0                     ; 0                    ; 0                         ; 0                        ; 0                            ; 0                           ; 0                      ;
; next_state.CONTROL_LOW_20MS  ; 0                     ; 0                    ; 0                         ; 0                        ; 0                            ; 1                           ; 1                      ;
; next_state.CONTROL_HIGH_13US ; 0                     ; 0                    ; 0                         ; 0                        ; 1                            ; 0                           ; 1                      ;
; next_state.READ_LOW_83US     ; 0                     ; 0                    ; 0                         ; 1                        ; 0                            ; 0                           ; 1                      ;
; next_state.READ_HIGH_87US    ; 0                     ; 0                    ; 1                         ; 0                        ; 0                            ; 0                           ; 1                      ;
; next_state.READ_DATA         ; 0                     ; 1                    ; 0                         ; 0                        ; 0                            ; 0                           ; 1                      ;
; next_state.KEEP_DELAY        ; 1                     ; 0                    ; 0                         ; 0                        ; 0                            ; 0                           ; 1                      ;
+------------------------------+-----------------------+----------------------+---------------------------+--------------------------+------------------------------+-----------------------------+------------------------+


Encoding Type:  One-Hot
+------------------------------------------------------------------------------------------------------------------------------------------------------------------------------------------------------------------+
; State Machine - |Top_Module|DHT11_Controller:dht11_ctrl|cur_state                                                                                                                                                ;
+-----------------------------+----------------------+---------------------+--------------------------+-------------------------+-----------------------------+----------------------------+-----------------------+
; Name                        ; cur_state.KEEP_DELAY ; cur_state.READ_DATA ; cur_state.READ_HIGH_87US ; cur_state.READ_LOW_83US ; cur_state.CONTROL_HIGH_13US ; cur_state.CONTROL_LOW_20MS ; cur_state.CONTROL_LOW ;
+-----------------------------+----------------------+---------------------+--------------------------+-------------------------+-----------------------------+----------------------------+-----------------------+
; cur_state.CONTROL_LOW       ; 0                    ; 0                   ; 0                        ; 0                       ; 0                           ; 0                          ; 0                     ;
; cur_state.CONTROL_LOW_20MS  ; 0                    ; 0                   ; 0                        ; 0                       ; 0                           ; 1                          ; 1                     ;
; cur_state.CONTROL_HIGH_13US ; 0                    ; 0                   ; 0                        ; 0                       ; 1                           ; 0                          ; 1                     ;
; cur_state.READ_LOW_83US     ; 0                    ; 0                   ; 0                        ; 1                       ; 0                           ; 0                          ; 1                     ;
; cur_state.READ_HIGH_87US    ; 0                    ; 0                   ; 1                        ; 0                       ; 0                           ; 0                          ; 1                     ;
; cur_state.READ_DATA         ; 0                    ; 1                   ; 0                        ; 0                       ; 0                           ; 0                          ; 1                     ;
; cur_state.KEEP_DELAY        ; 1                    ; 0                   ; 0                        ; 0                       ; 0                           ; 0                          ; 1                     ;
+-----------------------------+----------------------+---------------------+--------------------------+-------------------------+-----------------------------+----------------------------+-----------------------+


+------------------------------------------------------------------------------------+
; Registers Removed During Synthesis                                                 ;
+-------------------------------------------+----------------------------------------+
; Register name                             ; Reason for Removal                     ;
+-------------------------------------------+----------------------------------------+
; LCD_Controller:lcd_ctrl|char_array[31][0] ; Stuck at GND due to stuck port data_in ;
; LCD_Controller:lcd_ctrl|char_array[31][1] ; Stuck at GND due to stuck port data_in ;
; LCD_Controller:lcd_ctrl|char_array[31][2] ; Stuck at GND due to stuck port data_in ;
; LCD_Controller:lcd_ctrl|char_array[31][3] ; Stuck at GND due to stuck port data_in ;
; LCD_Controller:lcd_ctrl|char_array[31][4] ; Stuck at GND due to stuck port data_in ;
; LCD_Controller:lcd_ctrl|char_array[31][5] ; Stuck at VCC due to stuck port data_in ;
; LCD_Controller:lcd_ctrl|char_array[31][6] ; Stuck at GND due to stuck port data_in ;
; LCD_Controller:lcd_ctrl|char_array[31][7] ; Stuck at GND due to stuck port data_in ;
; LCD_Controller:lcd_ctrl|char_array[30][0] ; Stuck at GND due to stuck port data_in ;
; LCD_Controller:lcd_ctrl|char_array[30][1] ; Stuck at GND due to stuck port data_in ;
; LCD_Controller:lcd_ctrl|char_array[30][2] ; Stuck at GND due to stuck port data_in ;
; LCD_Controller:lcd_ctrl|char_array[30][3] ; Stuck at GND due to stuck port data_in ;
; LCD_Controller:lcd_ctrl|char_array[30][4] ; Stuck at GND due to stuck port data_in ;
; LCD_Controller:lcd_ctrl|char_array[30][5] ; Stuck at VCC due to stuck port data_in ;
; LCD_Controller:lcd_ctrl|char_array[30][6] ; Stuck at GND due to stuck port data_in ;
; LCD_Controller:lcd_ctrl|char_array[30][7] ; Stuck at GND due to stuck port data_in ;
; LCD_Controller:lcd_ctrl|char_array[29][0] ; Stuck at VCC due to stuck port data_in ;
; LCD_Controller:lcd_ctrl|char_array[29][1] ; Stuck at GND due to stuck port data_in ;
; LCD_Controller:lcd_ctrl|char_array[29][2] ; Stuck at VCC due to stuck port data_in ;
; LCD_Controller:lcd_ctrl|char_array[29][3] ; Stuck at GND due to stuck port data_in ;
; LCD_Controller:lcd_ctrl|char_array[29][4] ; Stuck at GND due to stuck port data_in ;
; LCD_Controller:lcd_ctrl|char_array[29][5] ; Stuck at VCC due to stuck port data_in ;
; LCD_Controller:lcd_ctrl|char_array[29][6] ; Stuck at GND due to stuck port data_in ;
; LCD_Controller:lcd_ctrl|char_array[29][7] ; Stuck at GND due to stuck port data_in ;
; LCD_Controller:lcd_ctrl|char_array[28][4] ; Stuck at VCC due to stuck port data_in ;
; LCD_Controller:lcd_ctrl|char_array[28][5] ; Stuck at VCC due to stuck port data_in ;
; LCD_Controller:lcd_ctrl|char_array[28][6] ; Stuck at GND due to stuck port data_in ;
; LCD_Controller:lcd_ctrl|char_array[28][7] ; Stuck at GND due to stuck port data_in ;
; LCD_Controller:lcd_ctrl|char_array[26][0] ; Stuck at GND due to stuck port data_in ;
; LCD_Controller:lcd_ctrl|char_array[26][1] ; Stuck at VCC due to stuck port data_in ;
; LCD_Controller:lcd_ctrl|char_array[26][2] ; Stuck at VCC due to stuck port data_in ;
; LCD_Controller:lcd_ctrl|char_array[26][3] ; Stuck at VCC due to stuck port data_in ;
; LCD_Controller:lcd_ctrl|char_array[26][4] ; Stuck at GND due to stuck port data_in ;
; LCD_Controller:lcd_ctrl|char_array[26][5] ; Stuck at VCC due to stuck port data_in ;
; LCD_Controller:lcd_ctrl|char_array[26][6] ; Stuck at GND due to stuck port data_in ;
; LCD_Controller:lcd_ctrl|char_array[26][7] ; Stuck at GND due to stuck port data_in ;
; LCD_Controller:lcd_ctrl|char_array[25][4] ; Stuck at VCC due to stuck port data_in ;
; LCD_Controller:lcd_ctrl|char_array[25][5] ; Stuck at VCC due to stuck port data_in ;
; LCD_Controller:lcd_ctrl|char_array[25][6] ; Stuck at GND due to stuck port data_in ;
; LCD_Controller:lcd_ctrl|char_array[25][7] ; Stuck at GND due to stuck port data_in ;
; LCD_Controller:lcd_ctrl|char_array[23][0] ; Stuck at GND due to stuck port data_in ;
; LCD_Controller:lcd_ctrl|char_array[23][1] ; Stuck at GND due to stuck port data_in ;
; LCD_Controller:lcd_ctrl|char_array[23][2] ; Stuck at GND due to stuck port data_in ;
; LCD_Controller:lcd_ctrl|char_array[23][3] ; Stuck at GND due to stuck port data_in ;
; LCD_Controller:lcd_ctrl|char_array[23][4] ; Stuck at GND due to stuck port data_in ;
; LCD_Controller:lcd_ctrl|char_array[23][5] ; Stuck at VCC due to stuck port data_in ;
; LCD_Controller:lcd_ctrl|char_array[23][6] ; Stuck at GND due to stuck port data_in ;
; LCD_Controller:lcd_ctrl|char_array[23][7] ; Stuck at GND due to stuck port data_in ;
; LCD_Controller:lcd_ctrl|char_array[22][0] ; Stuck at GND due to stuck port data_in ;
; LCD_Controller:lcd_ctrl|char_array[22][1] ; Stuck at VCC due to stuck port data_in ;
; LCD_Controller:lcd_ctrl|char_array[22][2] ; Stuck at GND due to stuck port data_in ;
; LCD_Controller:lcd_ctrl|char_array[22][3] ; Stuck at VCC due to stuck port data_in ;
; LCD_Controller:lcd_ctrl|char_array[22][4] ; Stuck at VCC due to stuck port data_in ;
; LCD_Controller:lcd_ctrl|char_array[22][5] ; Stuck at VCC due to stuck port data_in ;
; LCD_Controller:lcd_ctrl|char_array[22][6] ; Stuck at GND due to stuck port data_in ;
; LCD_Controller:lcd_ctrl|char_array[22][7] ; Stuck at GND due to stuck port data_in ;
; LCD_Controller:lcd_ctrl|char_array[21][0] ; Stuck at VCC due to stuck port data_in ;
; LCD_Controller:lcd_ctrl|char_array[21][1] ; Stuck at GND due to stuck port data_in ;
; LCD_Controller:lcd_ctrl|char_array[21][2] ; Stuck at VCC due to stuck port data_in ;
; LCD_Controller:lcd_ctrl|char_array[21][3] ; Stuck at VCC due to stuck port data_in ;
; LCD_Controller:lcd_ctrl|char_array[21][4] ; Stuck at GND due to stuck port data_in ;
; LCD_Controller:lcd_ctrl|char_array[21][5] ; Stuck at VCC due to stuck port data_in ;
; LCD_Controller:lcd_ctrl|char_array[21][6] ; Stuck at VCC due to stuck port data_in ;
; LCD_Controller:lcd_ctrl|char_array[21][7] ; Stuck at GND due to stuck port data_in ;
; LCD_Controller:lcd_ctrl|char_array[20][0] ; Stuck at VCC due to stuck port data_in ;
; LCD_Controller:lcd_ctrl|char_array[20][1] ; Stuck at GND due to stuck port data_in ;
; LCD_Controller:lcd_ctrl|char_array[20][2] ; Stuck at GND due to stuck port data_in ;
; LCD_Controller:lcd_ctrl|char_array[20][3] ; Stuck at GND due to stuck port data_in ;
; LCD_Controller:lcd_ctrl|char_array[20][4] ; Stuck at GND due to stuck port data_in ;
; LCD_Controller:lcd_ctrl|char_array[20][5] ; Stuck at VCC due to stuck port data_in ;
; LCD_Controller:lcd_ctrl|char_array[20][6] ; Stuck at VCC due to stuck port data_in ;
; LCD_Controller:lcd_ctrl|char_array[20][7] ; Stuck at GND due to stuck port data_in ;
; LCD_Controller:lcd_ctrl|char_array[19][0] ; Stuck at GND due to stuck port data_in ;
; LCD_Controller:lcd_ctrl|char_array[19][1] ; Stuck at GND due to stuck port data_in ;
; LCD_Controller:lcd_ctrl|char_array[19][2] ; Stuck at GND due to stuck port data_in ;
; LCD_Controller:lcd_ctrl|char_array[19][3] ; Stuck at GND due to stuck port data_in ;
; LCD_Controller:lcd_ctrl|char_array[19][4] ; Stuck at GND due to stuck port data_in ;
; LCD_Controller:lcd_ctrl|char_array[19][5] ; Stuck at VCC due to stuck port data_in ;
; LCD_Controller:lcd_ctrl|char_array[19][6] ; Stuck at GND due to stuck port data_in ;
; LCD_Controller:lcd_ctrl|char_array[19][7] ; Stuck at GND due to stuck port data_in ;
; LCD_Controller:lcd_ctrl|char_array[18][0] ; Stuck at VCC due to stuck port data_in ;
; LCD_Controller:lcd_ctrl|char_array[18][1] ; Stuck at VCC due to stuck port data_in ;
; LCD_Controller:lcd_ctrl|char_array[18][2] ; Stuck at VCC due to stuck port data_in ;
; LCD_Controller:lcd_ctrl|char_array[18][3] ; Stuck at VCC due to stuck port data_in ;
; LCD_Controller:lcd_ctrl|char_array[18][4] ; Stuck at GND due to stuck port data_in ;
; LCD_Controller:lcd_ctrl|char_array[18][5] ; Stuck at VCC due to stuck port data_in ;
; LCD_Controller:lcd_ctrl|char_array[18][6] ; Stuck at VCC due to stuck port data_in ;
; LCD_Controller:lcd_ctrl|char_array[18][7] ; Stuck at GND due to stuck port data_in ;
; LCD_Controller:lcd_ctrl|char_array[17][0] ; Stuck at GND due to stuck port data_in ;
; LCD_Controller:lcd_ctrl|char_array[17][1] ; Stuck at GND due to stuck port data_in ;
; LCD_Controller:lcd_ctrl|char_array[17][2] ; Stuck at VCC due to stuck port data_in ;
; LCD_Controller:lcd_ctrl|char_array[17][3] ; Stuck at GND due to stuck port data_in ;
; LCD_Controller:lcd_ctrl|char_array[17][4] ; Stuck at GND due to stuck port data_in ;
; LCD_Controller:lcd_ctrl|char_array[17][5] ; Stuck at GND due to stuck port data_in ;
; LCD_Controller:lcd_ctrl|char_array[17][6] ; Stuck at VCC due to stuck port data_in ;
; LCD_Controller:lcd_ctrl|char_array[17][7] ; Stuck at GND due to stuck port data_in ;
; LCD_Controller:lcd_ctrl|char_array[16][0] ; Stuck at GND due to stuck port data_in ;
; LCD_Controller:lcd_ctrl|char_array[16][1] ; Stuck at GND due to stuck port data_in ;
; LCD_Controller:lcd_ctrl|char_array[16][2] ; Stuck at GND due to stuck port data_in ;
; LCD_Controller:lcd_ctrl|char_array[16][3] ; Stuck at GND due to stuck port data_in ;
; LCD_Controller:lcd_ctrl|char_array[16][4] ; Stuck at GND due to stuck port data_in ;
; LCD_Controller:lcd_ctrl|char_array[16][5] ; Stuck at GND due to stuck port data_in ;
; LCD_Controller:lcd_ctrl|char_array[16][6] ; Stuck at VCC due to stuck port data_in ;
; LCD_Controller:lcd_ctrl|char_array[16][7] ; Stuck at VCC due to stuck port data_in ;
; LCD_Controller:lcd_ctrl|char_array[15][0] ; Stuck at VCC due to stuck port data_in ;
; LCD_Controller:lcd_ctrl|char_array[15][1] ; Stuck at VCC due to stuck port data_in ;
; LCD_Controller:lcd_ctrl|char_array[15][2] ; Stuck at GND due to stuck port data_in ;
; LCD_Controller:lcd_ctrl|char_array[15][3] ; Stuck at GND due to stuck port data_in ;
; LCD_Controller:lcd_ctrl|char_array[15][4] ; Stuck at GND due to stuck port data_in ;
; LCD_Controller:lcd_ctrl|char_array[15][5] ; Stuck at GND due to stuck port data_in ;
; LCD_Controller:lcd_ctrl|char_array[15][6] ; Stuck at VCC due to stuck port data_in ;
; LCD_Controller:lcd_ctrl|char_array[15][7] ; Stuck at GND due to stuck port data_in ;
; LCD_Controller:lcd_ctrl|char_array[14][4] ; Stuck at VCC due to stuck port data_in ;
; LCD_Controller:lcd_ctrl|char_array[14][5] ; Stuck at VCC due to stuck port data_in ;
; LCD_Controller:lcd_ctrl|char_array[14][6] ; Stuck at GND due to stuck port data_in ;
; LCD_Controller:lcd_ctrl|char_array[14][7] ; Stuck at GND due to stuck port data_in ;
; LCD_Controller:lcd_ctrl|char_array[12][0] ; Stuck at GND due to stuck port data_in ;
; LCD_Controller:lcd_ctrl|char_array[12][1] ; Stuck at VCC due to stuck port data_in ;
; LCD_Controller:lcd_ctrl|char_array[12][2] ; Stuck at VCC due to stuck port data_in ;
; LCD_Controller:lcd_ctrl|char_array[12][3] ; Stuck at VCC due to stuck port data_in ;
; LCD_Controller:lcd_ctrl|char_array[12][4] ; Stuck at GND due to stuck port data_in ;
; LCD_Controller:lcd_ctrl|char_array[12][5] ; Stuck at VCC due to stuck port data_in ;
; LCD_Controller:lcd_ctrl|char_array[12][6] ; Stuck at GND due to stuck port data_in ;
; LCD_Controller:lcd_ctrl|char_array[12][7] ; Stuck at GND due to stuck port data_in ;
; LCD_Controller:lcd_ctrl|char_array[11][4] ; Stuck at VCC due to stuck port data_in ;
; LCD_Controller:lcd_ctrl|char_array[11][5] ; Stuck at VCC due to stuck port data_in ;
; LCD_Controller:lcd_ctrl|char_array[11][6] ; Stuck at GND due to stuck port data_in ;
; LCD_Controller:lcd_ctrl|char_array[11][7] ; Stuck at GND due to stuck port data_in ;
; LCD_Controller:lcd_ctrl|char_array[9][0]  ; Stuck at GND due to stuck port data_in ;
; LCD_Controller:lcd_ctrl|char_array[9][1]  ; Stuck at GND due to stuck port data_in ;
; LCD_Controller:lcd_ctrl|char_array[9][2]  ; Stuck at GND due to stuck port data_in ;
; LCD_Controller:lcd_ctrl|char_array[9][3]  ; Stuck at GND due to stuck port data_in ;
; LCD_Controller:lcd_ctrl|char_array[9][4]  ; Stuck at GND due to stuck port data_in ;
; LCD_Controller:lcd_ctrl|char_array[9][5]  ; Stuck at VCC due to stuck port data_in ;
; LCD_Controller:lcd_ctrl|char_array[9][6]  ; Stuck at GND due to stuck port data_in ;
; LCD_Controller:lcd_ctrl|char_array[9][7]  ; Stuck at GND due to stuck port data_in ;
; LCD_Controller:lcd_ctrl|char_array[8][0]  ; Stuck at GND due to stuck port data_in ;
; LCD_Controller:lcd_ctrl|char_array[8][1]  ; Stuck at VCC due to stuck port data_in ;
; LCD_Controller:lcd_ctrl|char_array[8][2]  ; Stuck at GND due to stuck port data_in ;
; LCD_Controller:lcd_ctrl|char_array[8][3]  ; Stuck at VCC due to stuck port data_in ;
; LCD_Controller:lcd_ctrl|char_array[8][4]  ; Stuck at VCC due to stuck port data_in ;
; LCD_Controller:lcd_ctrl|char_array[8][5]  ; Stuck at VCC due to stuck port data_in ;
; LCD_Controller:lcd_ctrl|char_array[8][6]  ; Stuck at GND due to stuck port data_in ;
; LCD_Controller:lcd_ctrl|char_array[8][7]  ; Stuck at GND due to stuck port data_in ;
; LCD_Controller:lcd_ctrl|char_array[7][0]  ; Stuck at VCC due to stuck port data_in ;
; LCD_Controller:lcd_ctrl|char_array[7][1]  ; Stuck at VCC due to stuck port data_in ;
; LCD_Controller:lcd_ctrl|char_array[7][2]  ; Stuck at VCC due to stuck port data_in ;
; LCD_Controller:lcd_ctrl|char_array[7][3]  ; Stuck at VCC due to stuck port data_in ;
; LCD_Controller:lcd_ctrl|char_array[7][4]  ; Stuck at GND due to stuck port data_in ;
; LCD_Controller:lcd_ctrl|char_array[7][5]  ; Stuck at VCC due to stuck port data_in ;
; LCD_Controller:lcd_ctrl|char_array[7][6]  ; Stuck at VCC due to stuck port data_in ;
; LCD_Controller:lcd_ctrl|char_array[7][7]  ; Stuck at GND due to stuck port data_in ;
; LCD_Controller:lcd_ctrl|char_array[6][0]  ; Stuck at GND due to stuck port data_in ;
; LCD_Controller:lcd_ctrl|char_array[6][1]  ; Stuck at GND due to stuck port data_in ;
; LCD_Controller:lcd_ctrl|char_array[6][2]  ; Stuck at VCC due to stuck port data_in ;
; LCD_Controller:lcd_ctrl|char_array[6][3]  ; Stuck at GND due to stuck port data_in ;
; LCD_Controller:lcd_ctrl|char_array[6][4]  ; Stuck at GND due to stuck port data_in ;
; LCD_Controller:lcd_ctrl|char_array[6][5]  ; Stuck at VCC due to stuck port data_in ;
; LCD_Controller:lcd_ctrl|char_array[6][6]  ; Stuck at VCC due to stuck port data_in ;
; LCD_Controller:lcd_ctrl|char_array[6][7]  ; Stuck at GND due to stuck port data_in ;
; LCD_Controller:lcd_ctrl|char_array[5][0]  ; Stuck at GND due to stuck port data_in ;
; LCD_Controller:lcd_ctrl|char_array[5][1]  ; Stuck at GND due to stuck port data_in ;
; LCD_Controller:lcd_ctrl|char_array[5][2]  ; Stuck at GND due to stuck port data_in ;
; LCD_Controller:lcd_ctrl|char_array[5][3]  ; Stuck at GND due to stuck port data_in ;
; LCD_Controller:lcd_ctrl|char_array[5][4]  ; Stuck at GND due to stuck port data_in ;
; LCD_Controller:lcd_ctrl|char_array[5][5]  ; Stuck at VCC due to stuck port data_in ;
; LCD_Controller:lcd_ctrl|char_array[5][6]  ; Stuck at GND due to stuck port data_in ;
; LCD_Controller:lcd_ctrl|char_array[5][7]  ; Stuck at GND due to stuck port data_in ;
; LCD_Controller:lcd_ctrl|char_array[4][0]  ; Stuck at GND due to stuck port data_in ;
; LCD_Controller:lcd_ctrl|char_array[4][1]  ; Stuck at GND due to stuck port data_in ;
; LCD_Controller:lcd_ctrl|char_array[4][2]  ; Stuck at VCC due to stuck port data_in ;
; LCD_Controller:lcd_ctrl|char_array[4][3]  ; Stuck at GND due to stuck port data_in ;
; LCD_Controller:lcd_ctrl|char_array[4][4]  ; Stuck at VCC due to stuck port data_in ;
; LCD_Controller:lcd_ctrl|char_array[4][5]  ; Stuck at VCC due to stuck port data_in ;
; LCD_Controller:lcd_ctrl|char_array[4][6]  ; Stuck at VCC due to stuck port data_in ;
; LCD_Controller:lcd_ctrl|char_array[4][7]  ; Stuck at GND due to stuck port data_in ;
; LCD_Controller:lcd_ctrl|char_array[3][0]  ; Stuck at VCC due to stuck port data_in ;
; LCD_Controller:lcd_ctrl|char_array[3][1]  ; Stuck at GND due to stuck port data_in ;
; LCD_Controller:lcd_ctrl|char_array[3][2]  ; Stuck at VCC due to stuck port data_in ;
; LCD_Controller:lcd_ctrl|char_array[3][3]  ; Stuck at GND due to stuck port data_in ;
; LCD_Controller:lcd_ctrl|char_array[3][4]  ; Stuck at GND due to stuck port data_in ;
; LCD_Controller:lcd_ctrl|char_array[3][5]  ; Stuck at VCC due to stuck port data_in ;
; LCD_Controller:lcd_ctrl|char_array[3][6]  ; Stuck at VCC due to stuck port data_in ;
; LCD_Controller:lcd_ctrl|char_array[3][7]  ; Stuck at GND due to stuck port data_in ;
; LCD_Controller:lcd_ctrl|char_array[2][0]  ; Stuck at VCC due to stuck port data_in ;
; LCD_Controller:lcd_ctrl|char_array[2][1]  ; Stuck at GND due to stuck port data_in ;
; LCD_Controller:lcd_ctrl|char_array[2][2]  ; Stuck at GND due to stuck port data_in ;
; LCD_Controller:lcd_ctrl|char_array[2][3]  ; Stuck at VCC due to stuck port data_in ;
; LCD_Controller:lcd_ctrl|char_array[2][4]  ; Stuck at GND due to stuck port data_in ;
; LCD_Controller:lcd_ctrl|char_array[2][5]  ; Stuck at VCC due to stuck port data_in ;
; LCD_Controller:lcd_ctrl|char_array[2][6]  ; Stuck at VCC due to stuck port data_in ;
; LCD_Controller:lcd_ctrl|char_array[2][7]  ; Stuck at GND due to stuck port data_in ;
; LCD_Controller:lcd_ctrl|char_array[1][0]  ; Stuck at GND due to stuck port data_in ;
; LCD_Controller:lcd_ctrl|char_array[1][1]  ; Stuck at GND due to stuck port data_in ;
; LCD_Controller:lcd_ctrl|char_array[1][2]  ; Stuck at GND due to stuck port data_in ;
; LCD_Controller:lcd_ctrl|char_array[1][3]  ; Stuck at VCC due to stuck port data_in ;
; LCD_Controller:lcd_ctrl|char_array[1][4]  ; Stuck at GND due to stuck port data_in ;
; LCD_Controller:lcd_ctrl|char_array[1][5]  ; Stuck at VCC due to stuck port data_in ;
; LCD_Controller:lcd_ctrl|char_array[1][6]  ; Stuck at VCC due to stuck port data_in ;
; LCD_Controller:lcd_ctrl|char_array[1][7]  ; Stuck at GND due to stuck port data_in ;
; LCD_Controller:lcd_ctrl|char_array[0][0]  ; Stuck at GND due to stuck port data_in ;
; LCD_Controller:lcd_ctrl|char_array[0][1]  ; Stuck at VCC due to stuck port data_in ;
; LCD_Controller:lcd_ctrl|char_array[0][2]  ; Stuck at VCC due to stuck port data_in ;
; LCD_Controller:lcd_ctrl|char_array[0][3]  ; Stuck at VCC due to stuck port data_in ;
; LCD_Controller:lcd_ctrl|char_array[0][4]  ; Stuck at GND due to stuck port data_in ;
; LCD_Controller:lcd_ctrl|char_array[0][5]  ; Stuck at GND due to stuck port data_in ;
; LCD_Controller:lcd_ctrl|char_array[0][6]  ; Stuck at VCC due to stuck port data_in ;
; LCD_Controller:lcd_ctrl|char_array[0][7]  ; Stuck at GND due to stuck port data_in ;
; DHT11_Controller:dht11_ctrl|dht_buffer    ; Stuck at GND due to stuck port data_in ;
; LCD_Controller:lcd_ctrl|state~2           ; Lost fanout                            ;
; LCD_Controller:lcd_ctrl|state~3           ; Lost fanout                            ;
; LCD_Controller:lcd_ctrl|state~4           ; Lost fanout                            ;
; LCD_Controller:lcd_ctrl|state~5           ; Lost fanout                            ;
; LCD_Controller:lcd_ctrl|state~7           ; Lost fanout                            ;
; DHT11_Controller:dht11_ctrl|next_state~11 ; Lost fanout                            ;
; DHT11_Controller:dht11_ctrl|next_state~12 ; Lost fanout                            ;
; DHT11_Controller:dht11_ctrl|next_state~13 ; Lost fanout                            ;
; DHT11_Controller:dht11_ctrl|cur_state~4   ; Lost fanout                            ;
; DHT11_Controller:dht11_ctrl|cur_state~5   ; Lost fanout                            ;
; DHT11_Controller:dht11_ctrl|cur_state~6   ; Lost fanout                            ;
; LCD_Controller:lcd_ctrl|state.011110      ; Stuck at GND due to stuck port data_in ;
; LCD_Controller:lcd_ctrl|counter[22,23]    ; Lost fanout                            ;
; LCD_Controller:lcd_ctrl|char_array[27][7] ; Stuck at GND due to stuck port data_in ;
; LCD_Controller:lcd_ctrl|char_array[24][7] ; Stuck at GND due to stuck port data_in ;
; LCD_Controller:lcd_ctrl|char_array[10][7] ; Stuck at GND due to stuck port data_in ;
; LCD_Controller:lcd_ctrl|char_array[13][7] ; Stuck at GND due to stuck port data_in ;
; Total Number of Removed Registers = 227   ;                                        ;
+-------------------------------------------+----------------------------------------+


+------------------------------------------------------+
; General Register Statistics                          ;
+----------------------------------------------+-------+
; Statistic                                    ; Value ;
+----------------------------------------------+-------+
; Total registers                              ; 215   ;
; Number of registers using Synchronous Clear  ; 55    ;
; Number of registers using Synchronous Load   ; 0     ;
; Number of registers using Asynchronous Clear ; 124   ;
; Number of registers using Asynchronous Load  ; 0     ;
; Number of registers using Clock Enable       ; 104   ;
; Number of registers using Preset             ; 0     ;
+----------------------------------------------+-------+


+--------------------------------------------------+
; Inverted Register Statistics                     ;
+----------------------------------------+---------+
; Inverted Register                      ; Fan out ;
+----------------------------------------+---------+
; DHT11_Controller:dht11_ctrl|dht_d0     ; 8       ;
; DHT11_Controller:dht11_ctrl|dht_d1     ; 7       ;
; Total number of inverted registers = 2 ;         ;
+----------------------------------------+---------+


+---------------------------------------------------------------------------------------------------------------------------------------------------------------------+
; Multiplexer Restructuring Statistics (Restructuring Performed)                                                                                                      ;
+--------------------+-----------+---------------+----------------------+------------------------+------------+-------------------------------------------------------+
; Multiplexer Inputs ; Bus Width ; Baseline Area ; Area if Restructured ; Saving if Restructured ; Registered ; Example Multiplexer Output                            ;
+--------------------+-----------+---------------+----------------------+------------------------+------------+-------------------------------------------------------+
; 4:1                ; 2 bits    ; 4 LEs         ; 4 LEs                ; 0 LEs                  ; Yes        ; |Top_Module|LCD_Controller:lcd_ctrl|lcd_db[5]         ;
; 6:1                ; 46 bits   ; 184 LEs       ; 46 LEs               ; 138 LEs                ; Yes        ; |Top_Module|DHT11_Controller:dht11_ctrl|data_temp[27] ;
; 32:1               ; 4 bits    ; 84 LEs        ; 64 LEs               ; 20 LEs                 ; No         ; |Top_Module|LCD_Controller:lcd_ctrl|Mux1              ;
; 32:1               ; 4 bits    ; 84 LEs        ; 72 LEs               ; 12 LEs                 ; No         ; |Top_Module|LCD_Controller:lcd_ctrl|Mux7              ;
; 13:1               ; 5 bits    ; 40 LEs        ; 20 LEs               ; 20 LEs                 ; No         ; |Top_Module|DHT11_Controller:dht11_ctrl|Selector7     ;
; 15:1               ; 2 bits    ; 20 LEs        ; 6 LEs                ; 14 LEs                 ; No         ; |Top_Module|DHT11_Controller:dht11_ctrl|Selector6     ;
+--------------------+-----------+---------------+----------------------+------------------------+------------+-------------------------------------------------------+


+--------------------------------------------------------------------------+
; Parameter Settings for User Entity Instance: DHT11_Controller:dht11_ctrl ;
+-------------------+---------+--------------------------------------------+
; Parameter Name    ; Value   ; Type                                       ;
+-------------------+---------+--------------------------------------------+
; START_READ        ; 1000000 ; Signed Integer                             ;
; CONTROL_LOW       ; 0       ; Signed Integer                             ;
; CONTROL_LOW_20MS  ; 1       ; Signed Integer                             ;
; CONTROL_HIGH_13US ; 2       ; Signed Integer                             ;
; READ_LOW_83US     ; 3       ; Signed Integer                             ;
; READ_HIGH_87US    ; 4       ; Signed Integer                             ;
; READ_DATA         ; 5       ; Signed Integer                             ;
; KEEP_DELAY        ; 6       ; Signed Integer                             ;
+-------------------+---------+--------------------------------------------+
Note: In order to hide this table in the UI and the text report file, please set the "Show Parameter Settings in Synthesis Report" option in "Analysis and Synthesis Settings -> More Settings" to "Off".


+------------------------------------------------------------------------------------------+
; Parameter Settings for Inferred Entity Instance: LCD_Controller:lcd_ctrl|lpm_divide:Div3 ;
+------------------------+----------------+------------------------------------------------+
; Parameter Name         ; Value          ; Type                                           ;
+------------------------+----------------+------------------------------------------------+
; LPM_WIDTHN             ; 8              ; Untyped                                        ;
; LPM_WIDTHD             ; 4              ; Untyped                                        ;
; LPM_NREPRESENTATION    ; UNSIGNED       ; Untyped                                        ;
; LPM_DREPRESENTATION    ; UNSIGNED       ; Untyped                                        ;
; LPM_PIPELINE           ; 0              ; Untyped                                        ;
; LPM_REMAINDERPOSITIVE  ; TRUE           ; Untyped                                        ;
; MAXIMIZE_SPEED         ; 5              ; Untyped                                        ;
; CBXI_PARAMETER         ; lpm_divide_jhm ; Untyped                                        ;
; CARRY_CHAIN            ; MANUAL         ; Untyped                                        ;
; OPTIMIZE_FOR_SPEED     ; 5              ; Untyped                                        ;
; AUTO_CARRY_CHAINS      ; ON             ; AUTO_CARRY                                     ;
; IGNORE_CARRY_BUFFERS   ; OFF            ; IGNORE_CARRY                                   ;
; AUTO_CASCADE_CHAINS    ; ON             ; AUTO_CASCADE                                   ;
; IGNORE_CASCADE_BUFFERS ; OFF            ; IGNORE_CASCADE                                 ;
+------------------------+----------------+------------------------------------------------+
Note: In order to hide this table in the UI and the text report file, please set the "Show Parameter Settings in Synthesis Report" option in "Analysis and Synthesis Settings -> More Settings" to "Off".


+------------------------------------------------------------------------------------------+
; Parameter Settings for Inferred Entity Instance: LCD_Controller:lcd_ctrl|lpm_divide:Div2 ;
+------------------------+----------------+------------------------------------------------+
; Parameter Name         ; Value          ; Type                                           ;
+------------------------+----------------+------------------------------------------------+
; LPM_WIDTHN             ; 8              ; Untyped                                        ;
; LPM_WIDTHD             ; 4              ; Untyped                                        ;
; LPM_NREPRESENTATION    ; UNSIGNED       ; Untyped                                        ;
; LPM_DREPRESENTATION    ; UNSIGNED       ; Untyped                                        ;
; LPM_PIPELINE           ; 0              ; Untyped                                        ;
; LPM_REMAINDERPOSITIVE  ; TRUE           ; Untyped                                        ;
; MAXIMIZE_SPEED         ; 5              ; Untyped                                        ;
; CBXI_PARAMETER         ; lpm_divide_jhm ; Untyped                                        ;
; CARRY_CHAIN            ; MANUAL         ; Untyped                                        ;
; OPTIMIZE_FOR_SPEED     ; 5              ; Untyped                                        ;
; AUTO_CARRY_CHAINS      ; ON             ; AUTO_CARRY                                     ;
; IGNORE_CARRY_BUFFERS   ; OFF            ; IGNORE_CARRY                                   ;
; AUTO_CASCADE_CHAINS    ; ON             ; AUTO_CASCADE                                   ;
; IGNORE_CASCADE_BUFFERS ; OFF            ; IGNORE_CASCADE                                 ;
+------------------------+----------------+------------------------------------------------+
Note: In order to hide this table in the UI and the text report file, please set the "Show Parameter Settings in Synthesis Report" option in "Analysis and Synthesis Settings -> More Settings" to "Off".


+------------------------------------------------------------------------------------------+
; Parameter Settings for Inferred Entity Instance: LCD_Controller:lcd_ctrl|lpm_divide:Div0 ;
+------------------------+----------------+------------------------------------------------+
; Parameter Name         ; Value          ; Type                                           ;
+------------------------+----------------+------------------------------------------------+
; LPM_WIDTHN             ; 8              ; Untyped                                        ;
; LPM_WIDTHD             ; 4              ; Untyped                                        ;
; LPM_NREPRESENTATION    ; UNSIGNED       ; Untyped                                        ;
; LPM_DREPRESENTATION    ; UNSIGNED       ; Untyped                                        ;
; LPM_PIPELINE           ; 0              ; Untyped                                        ;
; LPM_REMAINDERPOSITIVE  ; TRUE           ; Untyped                                        ;
; MAXIMIZE_SPEED         ; 5              ; Untyped                                        ;
; CBXI_PARAMETER         ; lpm_divide_jhm ; Untyped                                        ;
; CARRY_CHAIN            ; MANUAL         ; Untyped                                        ;
; OPTIMIZE_FOR_SPEED     ; 5              ; Untyped                                        ;
; AUTO_CARRY_CHAINS      ; ON             ; AUTO_CARRY                                     ;
; IGNORE_CARRY_BUFFERS   ; OFF            ; IGNORE_CARRY                                   ;
; AUTO_CASCADE_CHAINS    ; ON             ; AUTO_CASCADE                                   ;
; IGNORE_CASCADE_BUFFERS ; OFF            ; IGNORE_CASCADE                                 ;
+------------------------+----------------+------------------------------------------------+
Note: In order to hide this table in the UI and the text report file, please set the "Show Parameter Settings in Synthesis Report" option in "Analysis and Synthesis Settings -> More Settings" to "Off".


+------------------------------------------------------------------------------------------+
; Parameter Settings for Inferred Entity Instance: LCD_Controller:lcd_ctrl|lpm_divide:Div1 ;
+------------------------+----------------+------------------------------------------------+
; Parameter Name         ; Value          ; Type                                           ;
+------------------------+----------------+------------------------------------------------+
; LPM_WIDTHN             ; 8              ; Untyped                                        ;
; LPM_WIDTHD             ; 4              ; Untyped                                        ;
; LPM_NREPRESENTATION    ; UNSIGNED       ; Untyped                                        ;
; LPM_DREPRESENTATION    ; UNSIGNED       ; Untyped                                        ;
; LPM_PIPELINE           ; 0              ; Untyped                                        ;
; LPM_REMAINDERPOSITIVE  ; TRUE           ; Untyped                                        ;
; MAXIMIZE_SPEED         ; 5              ; Untyped                                        ;
; CBXI_PARAMETER         ; lpm_divide_jhm ; Untyped                                        ;
; CARRY_CHAIN            ; MANUAL         ; Untyped                                        ;
; OPTIMIZE_FOR_SPEED     ; 5              ; Untyped                                        ;
; AUTO_CARRY_CHAINS      ; ON             ; AUTO_CARRY                                     ;
; IGNORE_CARRY_BUFFERS   ; OFF            ; IGNORE_CARRY                                   ;
; AUTO_CASCADE_CHAINS    ; ON             ; AUTO_CASCADE                                   ;
; IGNORE_CASCADE_BUFFERS ; OFF            ; IGNORE_CASCADE                                 ;
+------------------------+----------------+------------------------------------------------+
Note: In order to hide this table in the UI and the text report file, please set the "Show Parameter Settings in Synthesis Report" option in "Analysis and Synthesis Settings -> More Settings" to "Off".


+------------------------------------------------------------------------------------------+
; Parameter Settings for Inferred Entity Instance: LCD_Controller:lcd_ctrl|lpm_divide:Mod2 ;
+------------------------+----------------+------------------------------------------------+
; Parameter Name         ; Value          ; Type                                           ;
+------------------------+----------------+------------------------------------------------+
; LPM_WIDTHN             ; 8              ; Untyped                                        ;
; LPM_WIDTHD             ; 4              ; Untyped                                        ;
; LPM_NREPRESENTATION    ; UNSIGNED       ; Untyped                                        ;
; LPM_DREPRESENTATION    ; UNSIGNED       ; Untyped                                        ;
; LPM_PIPELINE           ; 0              ; Untyped                                        ;
; LPM_REMAINDERPOSITIVE  ; TRUE           ; Untyped                                        ;
; MAXIMIZE_SPEED         ; 5              ; Untyped                                        ;
; CBXI_PARAMETER         ; lpm_divide_m9m ; Untyped                                        ;
; CARRY_CHAIN            ; MANUAL         ; Untyped                                        ;
; OPTIMIZE_FOR_SPEED     ; 5              ; Untyped                                        ;
; AUTO_CARRY_CHAINS      ; ON             ; AUTO_CARRY                                     ;
; IGNORE_CARRY_BUFFERS   ; OFF            ; IGNORE_CARRY                                   ;
; AUTO_CASCADE_CHAINS    ; ON             ; AUTO_CASCADE                                   ;
; IGNORE_CASCADE_BUFFERS ; OFF            ; IGNORE_CASCADE                                 ;
+------------------------+----------------+------------------------------------------------+
Note: In order to hide this table in the UI and the text report file, please set the "Show Parameter Settings in Synthesis Report" option in "Analysis and Synthesis Settings -> More Settings" to "Off".


+------------------------------------------------------------------------------------------+
; Parameter Settings for Inferred Entity Instance: LCD_Controller:lcd_ctrl|lpm_divide:Mod0 ;
+------------------------+----------------+------------------------------------------------+
; Parameter Name         ; Value          ; Type                                           ;
+------------------------+----------------+------------------------------------------------+
; LPM_WIDTHN             ; 8              ; Untyped                                        ;
; LPM_WIDTHD             ; 4              ; Untyped                                        ;
; LPM_NREPRESENTATION    ; UNSIGNED       ; Untyped                                        ;
; LPM_DREPRESENTATION    ; UNSIGNED       ; Untyped                                        ;
; LPM_PIPELINE           ; 0              ; Untyped                                        ;
; LPM_REMAINDERPOSITIVE  ; TRUE           ; Untyped                                        ;
; MAXIMIZE_SPEED         ; 5              ; Untyped                                        ;
; CBXI_PARAMETER         ; lpm_divide_m9m ; Untyped                                        ;
; CARRY_CHAIN            ; MANUAL         ; Untyped                                        ;
; OPTIMIZE_FOR_SPEED     ; 5              ; Untyped                                        ;
; AUTO_CARRY_CHAINS      ; ON             ; AUTO_CARRY                                     ;
; IGNORE_CARRY_BUFFERS   ; OFF            ; IGNORE_CARRY                                   ;
; AUTO_CASCADE_CHAINS    ; ON             ; AUTO_CASCADE                                   ;
; IGNORE_CASCADE_BUFFERS ; OFF            ; IGNORE_CASCADE                                 ;
+------------------------+----------------+------------------------------------------------+
Note: In order to hide this table in the UI and the text report file, please set the "Show Parameter Settings in Synthesis Report" option in "Analysis and Synthesis Settings -> More Settings" to "Off".


+------------------------------------------------------------------------------------------+
; Parameter Settings for Inferred Entity Instance: LCD_Controller:lcd_ctrl|lpm_divide:Mod3 ;
+------------------------+----------------+------------------------------------------------+
; Parameter Name         ; Value          ; Type                                           ;
+------------------------+----------------+------------------------------------------------+
; LPM_WIDTHN             ; 8              ; Untyped                                        ;
; LPM_WIDTHD             ; 4              ; Untyped                                        ;
; LPM_NREPRESENTATION    ; UNSIGNED       ; Untyped                                        ;
; LPM_DREPRESENTATION    ; UNSIGNED       ; Untyped                                        ;
; LPM_PIPELINE           ; 0              ; Untyped                                        ;
; LPM_REMAINDERPOSITIVE  ; TRUE           ; Untyped                                        ;
; MAXIMIZE_SPEED         ; 5              ; Untyped                                        ;
; CBXI_PARAMETER         ; lpm_divide_m9m ; Untyped                                        ;
; CARRY_CHAIN            ; MANUAL         ; Untyped                                        ;
; OPTIMIZE_FOR_SPEED     ; 5              ; Untyped                                        ;
; AUTO_CARRY_CHAINS      ; ON             ; AUTO_CARRY                                     ;
; IGNORE_CARRY_BUFFERS   ; OFF            ; IGNORE_CARRY                                   ;
; AUTO_CASCADE_CHAINS    ; ON             ; AUTO_CASCADE                                   ;
; IGNORE_CASCADE_BUFFERS ; OFF            ; IGNORE_CASCADE                                 ;
+------------------------+----------------+------------------------------------------------+
Note: In order to hide this table in the UI and the text report file, please set the "Show Parameter Settings in Synthesis Report" option in "Analysis and Synthesis Settings -> More Settings" to "Off".


+------------------------------------------------------------------------------------------+
; Parameter Settings for Inferred Entity Instance: LCD_Controller:lcd_ctrl|lpm_divide:Mod1 ;
+------------------------+----------------+------------------------------------------------+
; Parameter Name         ; Value          ; Type                                           ;
+------------------------+----------------+------------------------------------------------+
; LPM_WIDTHN             ; 8              ; Untyped                                        ;
; LPM_WIDTHD             ; 4              ; Untyped                                        ;
; LPM_NREPRESENTATION    ; UNSIGNED       ; Untyped                                        ;
; LPM_DREPRESENTATION    ; UNSIGNED       ; Untyped                                        ;
; LPM_PIPELINE           ; 0              ; Untyped                                        ;
; LPM_REMAINDERPOSITIVE  ; TRUE           ; Untyped                                        ;
; MAXIMIZE_SPEED         ; 5              ; Untyped                                        ;
; CBXI_PARAMETER         ; lpm_divide_m9m ; Untyped                                        ;
; CARRY_CHAIN            ; MANUAL         ; Untyped                                        ;
; OPTIMIZE_FOR_SPEED     ; 5              ; Untyped                                        ;
; AUTO_CARRY_CHAINS      ; ON             ; AUTO_CARRY                                     ;
; IGNORE_CARRY_BUFFERS   ; OFF            ; IGNORE_CARRY                                   ;
; AUTO_CASCADE_CHAINS    ; ON             ; AUTO_CASCADE                                   ;
; IGNORE_CASCADE_BUFFERS ; OFF            ; IGNORE_CASCADE                                 ;
+------------------------+----------------+------------------------------------------------+
Note: In order to hide this table in the UI and the text report file, please set the "Show Parameter Settings in Synthesis Report" option in "Analysis and Synthesis Settings -> More Settings" to "Off".


+-----------------------------------------------------------------------------------------------------------------------------------------------+
; Port Connectivity Checks: "DHT11_Controller:dht11_ctrl"                                                                                       ;
+----------------+--------+----------+----------------------------------------------------------------------------------------------------------+
; Port           ; Type   ; Severity ; Details                                                                                                  ;
+----------------+--------+----------+----------------------------------------------------------------------------------------------------------+
; data_count_out ; Output ; Warning  ; Declared by entity but not connected by instance. Logic that only feeds a dangling port will be removed. ;
+----------------+--------+----------+----------------------------------------------------------------------------------------------------------+


+-------------------------------+
; Elapsed Time Per Partition    ;
+----------------+--------------+
; Partition Name ; Elapsed Time ;
+----------------+--------------+
; Top            ; 00:00:01     ;
+----------------+--------------+


+-------------------------------+
; Analysis & Synthesis Messages ;
+-------------------------------+
Info: *******************************************************************
Info: Running Quartus II 64-Bit Analysis & Synthesis
    Info: Version 13.1.0 Build 162 10/23/2013 SJ Web Edition
    Info: Processing started: Sat Mar 29 10:05:26 2025
Info: Command: quartus_map --read_settings_files=on --write_settings_files=off Top_Module -c Top_Module
Info (11104): Parallel Compilation has detected 12 hyper-threaded processors. However, the extra hyper-threaded processors will not be used by default. Parallel Compilation will use 6 of the 6 physical processors detected instead.
Info (12021): Found 1 design units, including 1 entities, in source file top_module.v
    Info (12023): Found entity 1: Top_Module
Info (12021): Found 1 design units, including 1 entities, in source file dht11_controller.v
    Info (12023): Found entity 1: DHT11_Controller
Info (12021): Found 1 design units, including 1 entities, in source file lcd_controller.v
    Info (12023): Found entity 1: LCD_Controller
Info (12021): Found 1 design units, including 1 entities, in source file clock_1mhz.v
    Info (12023): Found entity 1: Clock_1MHz
Info (12127): Elaborating entity "Top_Module" for the top level hierarchy
Info (12128): Elaborating entity "Clock_1MHz" for hierarchy "Clock_1MHz:CLK1MHZ"
Info (12128): Elaborating entity "DHT11_Controller" for hierarchy "DHT11_Controller:dht11_ctrl"
Info (12128): Elaborating entity "LCD_Controller" for hierarchy "LCD_Controller:lcd_ctrl"
Warning (10230): Verilog HDL assignment warning at LCD_Controller.v(25): truncated value with size 32 to match size of target (8)
Warning (10230): Verilog HDL assignment warning at LCD_Controller.v(26): truncated value with size 32 to match size of target (8)
Warning (10230): Verilog HDL assignment warning at LCD_Controller.v(28): truncated value with size 32 to match size of target (8)
Warning (10230): Verilog HDL assignment warning at LCD_Controller.v(29): truncated value with size 32 to match size of target (8)
Warning (10230): Verilog HDL assignment warning at LCD_Controller.v(35): truncated value with size 32 to match size of target (8)
Warning (10230): Verilog HDL assignment warning at LCD_Controller.v(36): truncated value with size 32 to match size of target (8)
Warning (10230): Verilog HDL assignment warning at LCD_Controller.v(38): truncated value with size 32 to match size of target (8)
Warning (10230): Verilog HDL assignment warning at LCD_Controller.v(39): truncated value with size 32 to match size of target (8)
Warning (10230): Verilog HDL assignment warning at LCD_Controller.v(48): truncated value with size 32 to match size of target (24)
Warning (10027): Verilog HDL or VHDL warning at the LCD_Controller.v(64): index expression is not wide enough to address all of the elements in the array
Warning (10027): Verilog HDL or VHDL warning at the LCD_Controller.v(69): index expression is not wide enough to address all of the elements in the array
Warning (10230): Verilog HDL assignment warning at LCD_Controller.v(80): truncated value with size 32 to match size of target (5)
Info (278001): Inferred 8 megafunctions from design logic
    Info (278004): Inferred divider/modulo megafunction ("lpm_divide") from the following logic: "LCD_Controller:lcd_ctrl|Div3"
    Info (278004): Inferred divider/modulo megafunction ("lpm_divide") from the following logic: "LCD_Controller:lcd_ctrl|Div2"
    Info (278004): Inferred divider/modulo megafunction ("lpm_divide") from the following logic: "LCD_Controller:lcd_ctrl|Div0"
    Info (278004): Inferred divider/modulo megafunction ("lpm_divide") from the following logic: "LCD_Controller:lcd_ctrl|Div1"
    Info (278004): Inferred divider/modulo megafunction ("lpm_divide") from the following logic: "LCD_Controller:lcd_ctrl|Mod2"
    Info (278004): Inferred divider/modulo megafunction ("lpm_divide") from the following logic: "LCD_Controller:lcd_ctrl|Mod0"
    Info (278004): Inferred divider/modulo megafunction ("lpm_divide") from the following logic: "LCD_Controller:lcd_ctrl|Mod3"
    Info (278004): Inferred divider/modulo megafunction ("lpm_divide") from the following logic: "LCD_Controller:lcd_ctrl|Mod1"
Info (12130): Elaborated megafunction instantiation "LCD_Controller:lcd_ctrl|lpm_divide:Div3"
Info (12133): Instantiated megafunction "LCD_Controller:lcd_ctrl|lpm_divide:Div3" with the following parameter:
    Info (12134): Parameter "LPM_WIDTHN" = "8"
    Info (12134): Parameter "LPM_WIDTHD" = "4"
    Info (12134): Parameter "LPM_NREPRESENTATION" = "UNSIGNED"
    Info (12134): Parameter "LPM_DREPRESENTATION" = "UNSIGNED"
Info (12021): Found 1 design units, including 1 entities, in source file db/lpm_divide_jhm.tdf
    Info (12023): Found entity 1: lpm_divide_jhm
Info (12021): Found 1 design units, including 1 entities, in source file db/sign_div_unsign_bkh.tdf
    Info (12023): Found entity 1: sign_div_unsign_bkh
Info (12021): Found 1 design units, including 1 entities, in source file db/alt_u_div_a4f.tdf
    Info (12023): Found entity 1: alt_u_div_a4f
Info (12021): Found 1 design units, including 1 entities, in source file db/add_sub_7pc.tdf
    Info (12023): Found entity 1: add_sub_7pc
Info (12021): Found 1 design units, including 1 entities, in source file db/add_sub_8pc.tdf
    Info (12023): Found entity 1: add_sub_8pc
Info (12130): Elaborated megafunction instantiation "LCD_Controller:lcd_ctrl|lpm_divide:Mod2"
Info (12133): Instantiated megafunction "LCD_Controller:lcd_ctrl|lpm_divide:Mod2" with the following parameter:
    Info (12134): Parameter "LPM_WIDTHN" = "8"
    Info (12134): Parameter "LPM_WIDTHD" = "4"
    Info (12134): Parameter "LPM_NREPRESENTATION" = "UNSIGNED"
    Info (12134): Parameter "LPM_DREPRESENTATION" = "UNSIGNED"
Info (12021): Found 1 design units, including 1 entities, in source file db/lpm_divide_m9m.tdf
    Info (12023): Found entity 1: lpm_divide_m9m
Warning (12241): 1 hierarchies have connectivity warnings - see the Connectivity Checks report folder
Info (13000): Registers with preset signals will power-up high
Info (13003): DEV_CLRn pin will set, and not reset, register with preset signal due to NOT Gate Push-Back
Info (286030): Timing-Driven Synthesis is running
Info (17049): 13 registers lost all their fanouts during netlist optimizations.
Info (144001): Generated suppressed messages file C:/altera/New12/New/output_files/Top_Module.map.smsg
Info (16010): Generating hard_block partition "hard_block:auto_generated_inst"
    Info (16011): Adding 0 node(s), including 0 DDIO, 0 PLL, 0 transceiver and 0 LCELL
Info (21057): Implemented 841 device resources after synthesis - the final resource count might be different
    Info (21058): Implemented 2 input pins
    Info (21059): Implemented 24 output pins
    Info (21060): Implemented 1 bidirectional pins
    Info (21061): Implemented 814 logic cells
Info: Quartus II 64-Bit Analysis & Synthesis was successful. 0 errors, 13 warnings
    Info: Peak virtual memory: 4675 megabytes
    Info: Processing ended: Sat Mar 29 10:05:29 2025
    Info: Elapsed time: 00:00:03
    Info: Total CPU time (on all processors): 00:00:01


+------------------------------------------+
; Analysis & Synthesis Suppressed Messages ;
+------------------------------------------+
The suppressed messages can be found in C:/altera/New12/New/output_files/Top_Module.map.smsg.


